1 a
3 ability
7 able
6 about
9 above
1 accept
8 according
3 account
6 across
0 act
3 action
3 activity
7 actually
4 add
2 address
4 administration
1 admit
0 adult
3 affect
5 after
6 again
9 against
6 age
3 agency
0 agent
7 ago
7 agree
8 agreement
6 ahead
1 air
4 all
7 allow
5 almost
6 alone
7 along
6 already
10 also
10 although
6 always
1 American
6 among
7 amount
4 analysis
3 and
0 animal
7 another
6 answer
5 any
5 anyone
7 anything
3 appear
4 apply
5 approach
4 area
4 argue
3 arm
7 around
4 arrive
1 art
2 article
0 artist
8 as
4 ask
6 assume
2 at
2 attack
5 attention
6 attorney
6 audience
1 author
4 authority
9 available
4 avoid
6 away
5 baby
5 back
3 bad
2 bag
5 ball
2 bank
0 bar
2 base
2 be
2 beat
8 beautiful
5 because
5 become
3 bed
9 before
6 begin
11 behavior
8 behind
5 believe
3 benefit
10 best
8 better
5 between
6 beyond
4 big
7 bill
5 billion
2 bit
5 black
5 blood
7 blue
1 board
3 body
5 book
6 born
5 both
5 box
4 boy
5 break
5 bring
4 brother
1 budget
8 build
6 building
7 business
3 but
8 buy
2 by
3 call
9 camera
3 campaign
7 can
0 cancer
1 candidate
0 capital
5 car
0 card
7 care
3 career
8 carry
2 case
4 catch
2 cause
2 cell
2 center
0 central
6 century
6 certain
10 certainly
4 chair
8 challenge
4 chance
6 change
1 character
6 charge
7 check
3 child
6 choice
5 choose
6 church
4 citizen
4 city
0 civil
10 claim
1 class
1 clear
3 clearly
5 close
8 coach
4 cold
4 collection
3 college
3 color
4 come
1 commercial
2 common
4 community
2 company
3 compare
6 computer
10 concern
3 condition
3 conference
1 Congress
1 consider
3 consumer
3 contain
1 continue
1 control
0 cost
7 could
6 country
2 couple
2 course
2 court
3 cover
2 create
1 crime
0 cultural
1 culture
5 cup
7 current
7 customer
5 cut
8 dark
1 data
8 daughter
3 day
4 dead
6 deal
4 death
1 debate
4 decade
0 decide
3 decision
7 deep
6 defense
4 degree
0 Democrat
0 democratic
1 describe
7 design
7 despite
2 detail
3 determine
4 develop
7 development
6 die
3 difference
3 different
3 difficult
10 dinner
3 direction
0 director
3 discover
2 discuss
4 discussion
6 disease
0 do
0 doctor
5 dog
4 door
3 down
7 draw
5 dream
6 drive
11 drop
9 drug
10 during
5 each
8 early
2 east
4 easy
5 eat
0 economic
2 economy
5 edge
3 education
1 effect
1 effort
4 eight
4 either
6 election
4 else
8 employee
7 end
2 energy
8 enjoy
5 enough
7 enter
3 entire
13 environment
11 environmental
8 especially
5 establish
5 even
6 evening
4 event
7 ever
5 every
11 everybody
10 everyone
9 everything
2 evidence
2 exactly
2 example
1 executive
1 exist
5 expect
2 experience
0 expert
3 explain
4 eye
2 face
1 fact
0 factor
4 fail
5 fall
2 family
5 far
4 fast
4 father
4 fear
0 federal
5 feel
6 feeling
6 few
5 field
5 fight
1 figure
9 fill
0 film
0 final
14 finally
1 financial
4 find
5 fine
4 finger
7 finish
3 fire
1 firm
5 first
5 fish
4 five
5 floor
7 fly
7 focus
6 follow
8 food
5 foot
5 for
2 force
4 foreign
6 forget
1 form
4 former
11 forward
4 four
4 free
4 friend
4 from
4 front
5 full
1 fund
5 future
4 game
4 garden
1 gas
0 general
3 generation
6 get
4 girl
4 give
6 glass
4 go
4 goal
4 good
5 government
4 great
4 green
5 ground
1 group
5 grow
6 growth
4 guess
4 gun
3 guy
3 hair
7 half
3 hand
5 hang
7 happen
7 happy
4 hard
2 have
2 he
3 head
7 health
4 hear
5 heart
7 heat
5 heavy
6 help
3 her
4 here
5 herself
5 high
3 him
5 himself
5 his
3 history
3 hit
6 hold
5 home
7 hope
2 hospital
8 hot
0 hotel
3 hour
4 house
3 how
10 however
5 huge
1 human
6 hundred
6 husband
2 I
1 idea
3 identify
4 if
2 image
1 imagine
4 impact
0 important
9 improve
1 in
0 include
3 including
4 increase
7 indeed
2 indicate
0 individual
2 industry
3 information
5 inside
6 instead
3 institution
1 interest
3 interesting
1 international
2 interview
3 into
4 investment
6 involve
7 issue
6 it
6 item
3 its
6 itself
11 job
7 join
4 just
8 keep
4 key
4 kid
4 kill
6 kind
8 kitchen
4 know
7 knowledge
5 land
6 language
2 large
6 last
6 late
7 later
6 laugh
3 law
6 lawyer
4 lay
6 lead
2 leader
6 learn
11 least
6 leave
6 left
6 leg
0 legal
9 less
3 let
8 letter
2 level
7 lie
4 life
6 light
4 like
8 likely
2 line
1 list
7 listen
6 little
4 live
0 local
1 long
4 look
5 lose
8 loss
3 lot
6 love
6 low
3 machine
8 magazine
7 main
5 maintain
0 major
3 majority
2 make
3 man
8 manage
10 management
9 manager
4 many
6 market
8 marriage
0 material
3 matter
2 may
4 maybe
5 me
5 mean
3 measure
5 media
0 medical
7 meet
8 meeting
2 member
2 memory
3 mention
3 message
2 method
4 middle
7 might
1 military
1 million
2 mind
1 minute
8 miss
3 mission
0 model
0 modern
0 moment
4 money
4 month
8 more
8 morning
7 most
5 mother
4 mouth
5 move
10 movement
5 movie
2 Mr
6 Mrs
2 much
2 music
8 must
3 my
8 myself
2 name
3 nation
1 national
0 natural
1 nature
5 near
7 nearly
2 necessary
4 need
6 network
4 never
2 new
5 news
7 newspaper
8 next
6 nice
4 night
2 no
7 none
3 nor
3 north
2 not
2 note
5 nothing
7 notice
4 now
2 n't
2 number
8 occur
2 of
5 off
2 offer
6 office
2 officer
1 official
10 often
1 oh
4 oil
3 ok
5 old
2 on
12 once
2 one
5 only
4 onto
7 open
3 operation
4 opportunity
3 option
3 or
3 order
4 organization
4 other
6 others
7 our
5 out
8 outside
5 over
6 own
7 owner
3 page
6 pain
5 painting
6 paper
5 parent
1 part
0 participant
8 particular
10 particularly
1 partner
2 party
5 pass
5 past
7 patient
6 pattern
5 pay
1 peace
6 people
1 per
8 perform
2 performance
5 perhaps
2 period
2 person
0 personal
6 phone
6 physical
5 pick
6 picture
6 piece
3 place
0 plan
1 plant
4 play
6 player
1 PM
3 point
2 police
3 policy
2 political
1 politics
5 poor
0 popular
3 population
4 position
2 positive
3 possible
3 power
1 practice
5 prepare
1 present
4 president
2 pressure
5 pretty
7 prevent
4 price
1 private
2 probably
1 problem
1 process
13 produce
2 product
4 production
4 professional
2 professor
0 program
1 project
5 property
2 protect
4 prove
6 provide
0 public
5 pull
6 purpose
5 push
4 put
5 quality
9 question
7 quickly
7 quite
5 race
0 radio
6 raise
4 range
1 rate
8 rather
7 reach
5 read
4 ready
0 real
3 reality
1 realize
9 really
6 reason
6 receive
1 recent
2 recently
6 recognize
0 record
3 red
0 reduce
4 reflect
2 region
5 relate
7 relationship
1 religious
4 remain
8 remember
6 remove
1 report
3 represent
0 Republican
6 require
6 research
3 resource
3 respond
3 response
4 responsibility
6 rest
3 result
8 return
6 reveal
5 rich
5 right
6 rise
1 risk
4 road
5 rock
1 role
6 room
3 rule
5 run
4 safe
4 same
5 save
5 say
1 scene
4 school
5 science
9 scientist
1 score
4 sea
2 season
3 seat
8 second
3 section
4 security
3 see
5 seek
4 seem
5 sell
7 send
0 senior
1 sense
1 series
1 serious
1 serve
2 service
8 set
5 seven
8 several
0 sex
0 sexual
6 shake
6 share
3 she
5 shoot
12 short
7 shot
11 should
6 shoulder
7 show
6 side
2 sign
5 significant
7 similar
1 simple
8 simply
6 since
4 sing
2 single
5 sister
2 sit
4 site
2 situation
4 six
5 size
9 skill
5 skin
4 small
5 smile
5 so
0 social
3 society
3 soldier
4 some
7 somebody
6 someone
8 something
8 sometimes
3 son
5 song
5 soon
4 sort
3 sound
3 source
3 south
6 southern
3 space
5 speak
0 special
0 specific
7 speech
6 spend
2 sport
7 spring
7 staff
3 stage
0 stand
0 standard
2 star
0 start
1 state
9 statement
2 station
1 stay
3 step
5 still
1 stock
1 stop
7 store
7 story
2 strategy
3 street
6 strong
1 structure
0 student
2 study
6 stuff
2 style
1 subject
1 success
7 successful
8 such
8 suddenly
2 suffer
3 suggest
6 summer
7 support
3 sure
4 surface
1 system
4 table
4 take
5 talk
6 task
7 tax
7 teach
7 teacher
6 team
3 technology
3 television
5 tell
3 ten
1 tend
2 term
1 test
5 than
9 thank
4 that
5 their
4 them
10 themselves
5 then
3 theory
5 there
3 these
3 they
5 thing
5 think
8 third
4 this
5 those
6 though
7 thought
8 thousand
9 threat
3 three
6 through
10 throughout
6 throw
10 thus
1 time
2 to
6 today
8 together
9 tonight
11 too
0 top
0 total
5 tough
5 toward
4 town
6 trade
1 traditional
8 training
8 travel
2 treat
2 treatment
5 tree
5 trial
6 trip
6 trouble
7 TRUE
6 truth
6 try
4 turn
9 TV
4 two
2 type
5 under
10 understand
3 unit
8 until
2 up
3 upon
2 us
7 use
9 usually
3 value
3 various
5 very
1 victim
4 view
2 violence
2 visit
1 voice
1 vote
6 wait
11 walk
6 wall
4 want
6 war
5 watch
4 water
3 way
3 we
5 weapon
5 wear
9 week
6 weight
4 well
1 west
4 western
4 what
11 whatever
4 when
4 where
7 whether
5 which
8 while
5 white
4 who
5 whole
7 whom
7 whose
5 why
4 wide
4 wife
4 will
7 win
3 wind
9 window
4 wish
4 with
5 within
7 without
5 woman
6 wonder
6 word
5 work
7 worker
5 world
9 worry
5 would
3 write
4 writer
5 wrong
4 yard
3 yeah
3 year
3 yes
4 yet
2 you
6 young
4 your
7 yourself
