7 ability
5 able
4 about
4 above
6 accept
5 account
6 across
7 act
6 action
4 activity
9 actually
10 add
3 address
13 administration
7 admit
10 adult
11 affect
5 after
6 again
6 against
4 age
4 agency
1 agent
3 ago
8 agree
9 agreement
4 air
0 all
7 allow
4 almost
4 alone
6 along
5 already
3 also
7 although
6 always
5 among
6 amount
3 analysis
1 and
5 animal
4 answer
8 any
5 anyone
10 anything
9 appear
7 apply
10 approach
9 area
9 argue
1 arm
5 around
7 arrive
4 art
4 article
7 artist
10 as
5 ask
5 assume
1 at
2 attack
13 attention
10 attorney
7 audience
2 author
4 authority
8 available
7 avoid
4 away
1 baby
4 back
8 bad
6 bag
1 ball
1 bank
1 bar
3 base
3 be
7 beat
9 beautiful
6 because
5 become
3 bed
4 before
6 begin
6 behavior
5 behind
6 believe
6 benefit
1 best
2 better
6 between
4 big
7 bill
5 billion
4 bit
6 black
4 blood
3 blue
5 board
6 body
4 book
3 born
4 both
6 box
5 boy
4 break
2 bring
4 brother
1 budget
4 build
8 building
7 business
3 but
5 buy
2 by
5 call
8 camera
7 campaign
5 can
6 cancer
2 candidate
1 capital
4 car
3 card
3 care
4 career
5 carry
3 case
5 catch
5 cause
2 cell
4 center
1 central
9 century
6 certain
8 certainly
5 chair
12 challenge
9 chance
7 change
7 character
6 charge
9 check
3 child
6 choice
6 choose
4 church
10 citizen
5 city
1 civil
8 claim
2 class
2 clear
4 clearly
6 close
6 coach
3 cold
10 collection
5 color
3 come
4 commercial
9 common
10 community
11 company
10 compare
1 computer
5 concern
9 condition
3 conference
8 consider
3 consumer
6 contain
7 continue
7 control
3 cost
6 country
6 couple
3 course
6 court
5 cover
6 create
7 crime
3 cultural
2 culture
5 cup
6 current
6 customer
11 cut
4 dark
3 data
4 daughter
2 day
4 dead
4 deal
5 death
2 debate
8 decade
7 decide
9 decision
3 deep
10 defense
5 degree
3 democratic
4 describe
1 design
6 despite
1 detail
6 determine
9 develop
10 development
6 die
9 difference
9 different
9 difficult
7 direction
8 discover
7 discuss
2 discussion
8 disease
3 do
2 doctor
4 dog
3 door
6 down
8 draw
3 dream
5 drive
4 drop
3 drug
5 during
4 each
4 early
4 east
5 easy
4 eat
4 economic
10 economy
4 edge
9 education
10 effect
10 effort
3 eight
4 either
8 election
4 else
10 employee
2 end
3 energy
6 enjoy
3 enough
6 entire
10 environment
9 especially
8 establish
5 even
5 evening
6 event
3 ever
3 every
9 everybody
7 everyone
10 everything
7 evidence
6 exactly
6 example
7 exist
6 expect
8 experience
2 expert
5 explain
3 eye
6 face
6 fact
2 factor
8 fail
2 fall
3 family
2 far
7 fast
2 father
5 fear
6 federal
4 feel
6 feeling
4 few
2 field
7 fight
2 figure
3 fill
1 film
2 final
6 finally
3 financial
2 find
6 fine
1 finger
6 finish
4 fire
7 firm
4 first
2 fish
3 five
5 floor
5 fly
9 focus
3 follow
7 food
4 foot
3 for
5 force
10 foreign
7 forget
5 form
7 former
4 forward
3 four
1 free
3 friend
3 from
2 full
7 fund
5 future
4 game
2 garden
1 gas
1 general
1 generation
6 get
7 girl
3 give
2 glass
4 go
3 goal
3 good
8 government
3 great
2 green
5 ground
4 group
7 grow
7 growth
8 guess
7 gun
3 guy
2 hair
4 half
1 hand
3 hang
7 happen
9 happy
1 hard
2 have
2 he
4 head
8 health
4 hear
3 heart
5 heat
6 heavy
3 help
2 her
3 here
6 herself
2 high
3 him
6 himself
3 his
9 history
7 hit
4 hold
4 home
7 hope
10 hospital
3 hot
1 hotel
5 hour
3 house
3 how
7 however
6 huge
9 human
3 hundred
5 husband
3 I
2 idea
7 identify
4 if
5 image
9 impact
8 important
9 improve
0 in
7 include
9 including
9 increase
6 indeed
7 indicate
3 individual
3 industry
1 information
4 inside
9 instead
1 institution
6 interest
3 interesting
0 international
1 interview
2 into
8 issue
2 it
4 item
4 its
7 itself
5 job
9 join
6 just
6 keep
8 key
2 kid
5 kill
4 kind
4 kitchen
6 know
8 knowledge
1 land
7 language
5 last
4 late
3 later
4 laugh
6 law
10 lawyer
4 lay
3 lead
6 leader
3 learn
5 least
4 leave
3 left
3 leg
0 legal
6 less
4 let
8 letter
5 level
3 lie
4 life
2 light
4 like
12 likely
2 line
2 list
4 listen
6 little
3 live
1 local
1 long
5 look
7 lose
5 loss
9 lot
4 love
7 low
2 machine
10 magazine
5 main
9 maintain
1 major
7 majority
3 make
5 man
7 manage
9 management
7 manager
5 many
2 market
7 marriage
1 material
4 matter
9 maybe
3 me
6 mean
4 measure
3 media
7 medical
5 meet
8 meeting
7 member
9 memory
7 mention
9 message
11 method
9 middle
3 might
3 military
1 million
6 mind
1 minute
5 miss
7 mission
1 model
0 modern
8 moment
5 money
3 month
4 morning
4 most
3 mother
4 mouth
11 move
6 movement
5 movie
2 Mrs
4 much
4 must
3 my
5 myself
1 name
6 nation
0 national
5 natural
2 nature
2 near
6 nearly
8 necessary
11 need
3 network
3 never
1 new
10 news
8 newspaper
6 next
7 nice
3 night
3 no
3 none
2 nor
4 north
3 not
3 note
5 nothing
7 notice
5 now
6 number
8 occur
2 of
3 off
7 offer
6 office
3 officer
8 official
6 often
2 oh
2 oil
2 old
3 on
5 once
3 one
3 only
4 onto
4 open
1 operation
10 opportunity
9 option
2 or
1 order
2 organization
4 other
4 our
5 out
8 outside
2 over
7 own
6 owner
4 page
7 pain
8 painting
2 paper
7 parent
4 part
11 participant
8 particular
1 partner
5 party
11 past
1 patient
4 pattern
7 pay
4 peace
4 people
2 per
8 perform
9 performance
9 perhaps
6 period
1 person
5 personal
6 phone
8 physical
3 pick
6 picture
4 piece
3 place
1 plan
4 plant
5 play
4 player
4 point
3 police
4 policy
3 political
3 politics
4 poor
7 popular
9 population
8 position
7 possible
5 power
8 practice
8 prepare
6 present
2 president
6 pressure
6 pretty
8 prevent
4 price
1 private
12 probably
1 problem
2 process
5 produce
2 product
2 production
8 professional
1 professor
2 program
2 project
7 property
7 protect
7 prove
6 provide
4 public
6 pull
7 purpose
7 push
5 put
3 quality
8 question
6 quickly
7 quite
3 race
5 radio
5 raise
3 range
1 rate
3 rather
5 reach
4 read
5 ready
4 real
10 reality
7 really
6 reason
6 receive
5 recent
7 recently
7 recognize
12 record
2 red
5 reduce
11 reflect
4 region
10 relationship
2 religious
5 remain
10 remember
8 remove
5 report
8 represent
6 require
8 research
2 resource
8 respond
7 response
12 responsibility
4 rest
6 result
9 return
8 reveal
1 rich
3 right
5 rise
3 risk
5 road
4 rock
2 role
3 room
4 rule
4 run
6 safe
3 same
5 save
3 say
2 scene
4 school
9 science
12 scientist
3 sea
9 season
4 seat
6 second
2 section
7 security
2 see
4 seek
5 seem
8 sell
2 send
4 sense
2 series
5 serious
5 serve
12 service
3 set
2 seven
5 several
1 sex
6 shake
4 share
1 she
6 shoot
4 short
5 shot
4 should
4 shoulder
6 show
3 side
5 sign
1 significant
7 similar
6 simple
6 simply
4 since
2 sing
6 single
5 sister
3 sit
8 site
8 situation
4 six
4 size
8 skill
4 skin
5 small
6 smile
0 so
1 social
10 society
4 soldier
8 some
6 somebody
5 someone
7 something
8 sometimes
2 son
4 song
4 soon
2 sort
4 sound
5 source
5 south
7 southern
7 space
5 speak
3 special
4 speech
6 spend
1 sport
5 spring
3 staff
4 stage
4 stand
1 standard
3 star
7 start
3 state
8 statement
6 station
12 stay
7 step
5 still
6 stock
7 stop
5 store
9 story
3 strategy
4 street
4 strong
3 structure
1 student
5 study
7 stuff
3 style
7 success
11 successful
2 such
9 suddenly
5 suffer
9 suggest
2 summer
7 support
4 sure
6 surface
1 system
5 table
5 take
5 talk
6 task
5 tax
5 teach
4 teacher
9 team
3 technology
8 television
5 tell
2 ten
8 tend
5 term
6 test
4 than
4 thank
5 that
3 the
3 their
3 them
9 themselves
3 then
3 theory
4 there
2 these
3 they
2 thing
5 think
5 third
5 this
4 those
6 though
7 thought
3 thousand
7 threat
3 three
5 through
5 throw
4 thus
4 time
2 to
5 today
7 together
4 too
7 top
14 tough
6 toward
4 town
4 trade
2 traditional
7 training
5 travel
8 treat
8 treatment
4 tree
5 trial
4 trip
6 trouble
4 true
7 truth
8 try
9 turn
0 TV
3 two
4 type
1 under
7 understand
4 unit
4 until
4 up
4 upon
1 us
6 use
9 usually
5 value
9 various
3 very
6 victim
6 view
8 violence
7 visit
4 voice
5 vote
3 wait
5 walk
3 wall
5 want
5 war
5 watch
3 water
3 way
2 we
5 weapon
5 wear
5 week
3 weight
7 well
1 west
4 western
2 what
12 whatever
2 when
4 where
7 whether
4 which
5 while
3 white
2 who
5 whole
3 whom
3 whose
4 why
5 wide
6 wife
9 will
5 win
1 wind
6 window
5 wish
2 with
4 within
6 without
4 woman
2 wonder
2 word
6 work
6 worker
4 world
10 worry
