ˈi.o - ʒə: 13.75
t̪u - ty: 3.75
ˈlui - il: 34.0
ˈnoi - nu: 14.0
t̪u - ty: 3.75
ˈkwes.to - sə: 27.5
ˈkwello - sə: 38.125
kwa - i.si: 26.666
k̟i - ki: 1.25
ˈkwando - kɑ̃: 31.875
ˈkome - kɔ.mɑ̃: 6.875
non - nə: 14.0
ˈtutto - tus: 16.25
ˈpɔ.ko - pø: 20.0
ˈal.tro - otʁ: 26.25
ˈuno - œ̃: 38.75
ˈdu.e - dø: 15.0
tre - tʁwɑ: 17.142
ˈkwat.tro - katʁ: 18.181
ˈt͡ʃin.kwe - sɛ̃k: 23.888
ˈɡran.de - ɡʁɑ̃: 25.0
ˈlunɡo - lɔ̃: 29.285
ˈlarɡo - laʁʒ: 15.0
ˈspes.so - e.pɛ: 20.0
peˈsante - luʁ: 35.0
pikˈko.lo - pə.ti: 22.272
ˈkorto - kuʁ: 19.375
ˈstretːo - e.tʁwa: 23.181
sotˈtile - mɛ̃s: 33.5
ˈdɔn.na - fam: 25.0
ˈwɔ.mo - ɔm: 20.0
bamˈbi.no - ɑ̃.fɑ̃: 33.0
ˈspɔ.za - fam: 23.75
maˈri.to - ma.ʁi: 14.5
ˈma.dre - mɛʁ: 20.0
ˈpa.dre - pɛʁ: 20.0
aniˈmale - a.ni.mal: 4.23
ˈpeʃːe - pwa.sɔ̃: 14.444
uˈt͡ːʃɛlːo - wa.zo: 16.666
ˈka.ne - ʃjɛ̃: 20.714
pi.ˈdɔk̚.kjo - pu: 33.0
serˈpɛn.te - sɛʁ.pɑ̃: 17.692
ˈvɛrme - vɛʁ: 17.5
ˈal.be.ro - aʁbʁ: 23.0
basˈtone - bɑ.tɔ̃: 15.909
ˈfru.tːo - fʁɥi: 20.0
ˈseme - sə.mɑ̃s: 10.0
ˈfɔʎʎa - fœj: 20.625
raˈditʃe - ʁa.sin: 15.0
korˈtettʃa - e.kɔʁs: 23.076
ˈɛrba - ɛʁb: 13.571
ˈkɔrda - kɔʁd: 10.555
ˈpɛlle - po: 30.714
ˈkar.ne - vjɑ̃d: 25.555
ˈsan.ɡwe - sɑ̃: 30.625
ˈɔsso - ɔs: 16.666
ˈɡras.so - ɡʁɛs: 14.5
ˈwɔ.vo - œf: 24.166
ˈkɔr.no - kɔʁn: 11.111
ˈkoda - kø: 21.666
ˈpjuma - plym: 12.777
ˈtɛs.ta - tɛt: 11.875
ɔˈrekkjo - ɔ.ʁɛj: 18.181
ˈɔk.kjo - œj: 23.571
ˈna.zo - ne: 21.666
ˈbokka - buʃ: 18.75
ˈdɛnte - dɑ̃: 26.428
ˈliŋ.ɡwa - lɑ̃ɡ: 23.333
ˈun.ɡja - ɔ̃ɡl: 23.75
ˈpjɛde - pje: 14.375
ˈɡamba - ʒɑ̃b: 21.25
dʒiˈnɔkkjo - ʒə.nu: 20.0
ˈmaːno - mɛ̃: 23.333
ˈala - ɛl: 14.0
ˈpan.t͡ʃa - vɑ̃tʁ: 21.666
ˈkɔl.lo - ku: 30.714
ˈskjɛna - do: 29.375
ˈkwɔːre - kœʁ: 19.375
ˈfeɡato - fwa: 25.0
ˈbe.re - bwaʁ: 20.625
manˈdʒa.re - mɑ̃.ʒe: 17.727
ˈmɔrdere - mɔʁdʁ: 15.0
spuˈtare - kʁa.ʃe: 14.583
vomiˈtare - vɔ.miʁ: 15.769
sofˈfjare - su.fle: 15.384
respiˈrare - ʁɛs.pi.ʁe: 11.875
ˈri.de.re - ʁiʁ: 26.666
veˈde.re - vwaʁ: 22.5
saˈpeː.re - savwaʁ: 17.083
oˈdo.re - ɔ.dœʁ: 13.333
paˈu.ra - pœʁ: 21.25
dorˈmire - dɔʁ.miʁ: 10.384
ˈvi.ve.re - vivʁ: 14.5
moˈrire - mu.ʁiʁ: 12.272
utˈt͡ʃi.de.re - ty.e: 26.363
lɔt.ˈta.re - batʁ: 27.272
katˈtʃare - ʃa.se: 17.272
kolˈpire - fʁa.pe: 23.333
taʎˈʎare - ku.pe: 29.09
ˈfɛndere - fɑ̃dʁ: 20.909
puɲɲaˈlare - pwa.ɲaʁ.de: 14.117
skaˈvare - kʁø.ze: 13.75
nwoˈtare - na.ʒe: 17.272
kammiˈnare - maʁ.ʃe: 23.571
veˈnire - və.niʁ: 9.09
buˈd͡ʒi.a - mɑ̃.sɔ̃ʒ: 21.0
dʒiˈrare - tuʁ.ne: 15.454
kaˈdere - tɔ̃.be: 18.0
ˈda.re - dɔ.ne: 6.25
teˈne.re - tə.niʁ: 10.0
strofiˈnare - fʁɔ.te: 22.666
aʃʃuˈɡare - e.sɥi.je: 18.928
t̪iˈrare - ti.ʁe: 15.0
ˈspindʒere - pu.se: 20.416
leˈɡare - lje: 22.222
kuˈtʃire - kudʁ: 18.0
konˈtare - kɔ̃.te: 16.818
ˈdi.re - diʁ: 12.857
kanˈtaːre - ʃɑ̃.te: 20.0
d͡ʒoˈkä.re - ʒwe: 22.777
ɡalledˈdʒare - flɔ.te: 26.666
fluˈire - ku.le: 22.0
dʒeˈlare - ʒə.le: 13.0
ˈso.le - sɔ.lɛj: 7.222
ˈlu.na - lyn: 10.0
ˈstel.la - e.twal: 25.0
ˈpjɔddʒa - plɥi: 26.0
ˈfju.me - flœv: 17.222
ˈlaɡo - lak: 11.428
ˈmaːre - mɛʁ: 14.285
ˈsale - sɛl: 9.285
ˈpjɛtra - pjɛʁ: 14.0
ˈsab.bja - sɑbl: 17.5
ˈpol.ve.re - pu.sjɛʁ: 17.307
ˈtɛr.ra - tɛʁ: 18.125
ˈnu.vo.la - ny.aʒ: 22.0
ˈnebbja - bʁu.jaʁ: 20.416
ˈt͡ʃɛ.lo - sjɛl: 16.25
ˈvɛn.to - vɑ̃: 27.857
ˈne.ve - nɛʒ: 12.142
ˈɡjat.t͡ʃo - ɡlas: 17.5
ˈfwɔko - fø: 25.0
ˈstrada - ʁut: 26.666
monˈtaɲɲa - mɔ̃.taɲ: 14.23
ˈros.so - ʁuʒ: 21.25
ˈver.de - vɛʁ: 20.0
ˈdʒal.lo - ʒon: 29.375
ˈbjaŋko - blɑ̃: 25.555
ˈne.ro - nwaʁ: 21.875
ˈnɔtːe - nɥi: 17.142
ˈd͡ʒorno - ʒuʁ: 21.25
ˈan.no - a.ne: 10.0
ˈkaldo - ʃo: 31.428
ˈfreddo - fʁwɑ: 24.0
ˈpjɛno - plɛ̃: 21.875
ˈnwɔ.vo - nu.vo: 8.333
ˈvɛk.kjo - vjø: 17.222
ˈbwɔː.no - bɔ̃: 26.428
kaˈtːiːvo - mo.vɛ: 21.0
ˈspɔrko - sal: 26.111
dritto - dʁwɑ: 22.5
roˈtondo - ʁɔ̃: 38.333
affiˈlato - a.fi.le: 12.307
ˈliʃʃo - lis: 13.75
baɲˈɲato - mu.je: 24.09
ˈsekko - sɛk: 15.0
korˈrɛtto - kɔʁɛkt: 12.5
viˈtʃino - pʁɛ: 28.888
lonˈtano - lwɛ̃.tɛ̃: 19.166
a - a: 0.0
ˈin - dɑ̃: 27.5
kon - a.vɛk: 27.142
e - e: 0.0
se - si: 2.5
perˈke - paʁ.skə: 9.09
ˈno.me - nɔ̃: 21.666
