ˈi.o - ja: 18.75
t̪u - tɨ: 5.0
ˈlui - on: 24.0
ˈnoi - mɨ: 17.0
t̪u - tɨ: 5.0
ˈkwes.to - ˈɛtət: 21.0
ˈkwello - tot: 33.333
kwa - zʲdʲesʲ: 27.857
k̟i - kto: 16.0
ˈkwando - kɐɡˈda: 12.272
ˈkome - kak: 20.0
non - nʲɪ: 18.0
ˈtutto - vʲesʲ: 28.125
ˈpɔ.ko - nʲɪˈmnoɡʲɪj: 26.666
ˈal.tro - drʊˈɡoj: 27.727
ˈuno - ɐˈdʲin: 20.714
ˈdu.e - dva: 11.666
tre - trʲi: 3.333
ˈkwat.tro - t͡ɕɪˈtɨrʲe: 18.461
ˈt͡ʃin.kwe - pʲætʲ: 27.777
ˈɡran.de - bɐlʲˈʂoj: 21.25
ˈlunɡo - ˈdlʲinːɨj: 16.818
ˈlarɡo - ʂɨˈrokʲɪj: 23.75
ˈspes.so - ˈtolstɨj: 17.692
peˈsante - tʲɪˈʐolɨj: 19.642
pikˈko.lo - ˈmalʲɪnʲkʲɪj: 26.333
ˈkorto - kɐˈrotkʲɪj: 17.307
ˈstretːo - ˈuskʲɪj: 23.636
sotˈtile - ˈtonkʲɪj: 15.0
ˈdɔn.na - ˈʐɛnʲɕːɪnə: 17.916
ˈwɔ.mo - t͡ɕɪlɐˈvʲek: 27.727
bamˈbi.no - rʲɪˈbʲɵnək: 17.142
ˈspɔ.za - ʐɨˈna: 15.555
maˈri.to - muʂ: 26.111
ˈma.dre - matʲ: 16.25
ˈpa.dre - ɐˈtʲet͡s: 19.444
aniˈmale - ʐɨˈvotnəjə: 17.5
ˈpeʃːe - ˈrɨbə: 16.875
uˈt͡ːʃɛlːo - ˈptʲit͡sə: 22.5
ˈka.ne - sɐˈbakə: 18.0
pi.ˈdɔk̚.kjo - voʂ: 30.454
serˈpɛn.te - zmʲɪˈja: 21.923
ˈvɛrme - t͡ɕerfʲ: 19.444
ˈal.be.ro - ˈdʲerʲɪvə: 21.666
basˈtone - ˈpalkə: 18.333
ˈfru.tːo - plot: 16.666
ˈseme - ˈsʲemʲə: 3.75
ˈfɔʎʎa - lʲist: 33.888
raˈditʃe - ˈkorʲɪnʲ: 22.727
korˈtettʃa - kɐˈra: 18.333
ˈɛrba - trɐˈva: 18.333
ˈkɔrda - vʲɪˈrʲɵfkə: 22.083
ˈpɛlle - ˈkoʐə: 21.666
ˈkar.ne - ˈmʲasə: 16.111
ˈsan.ɡwe - krofʲ: 27.5
ˈɔsso - kosʲtʲ: 20.0
ˈɡras.so - ʐɨr: 27.777
ˈwɔ.vo - (j)ɪjˈt͡so: 17.777
ˈkɔr.no - rok: 25.625
ˈkoda - xvost: 20.0
ˈpjuma - pʲɪˈro: 17.777
ˈtɛs.ta - ɡəlɐˈva: 19.09
ɔˈrekkjo - ˈuxə: 25.5
ˈɔk.kjo - ɡlas: 27.222
ˈna.zo - nos: 17.142
ˈbokka - rot: 20.0
ˈdɛnte - zup: 22.5
ˈliŋ.ɡwa - (j)ɪˈzɨk: 24.545
ˈun.ɡja - ˈnoɡətʲ: 22.0
ˈpjɛde - nɐˈɡa: 15.0
ˈɡamba - nɐˈɡa: 11.666
dʒiˈnɔkkjo - kɐˈlʲenə: 22.5
ˈmaːno - rʊˈka: 21.25
ˈala - krɨˈlo: 21.25
ˈpan.t͡ʃa - ʐɨˈvot: 25.5
ˈkɔl.lo - ˈʂɛjə: 21.111
ˈskjɛna - spʲɪˈna: 9.09
ˈkwɔːre - ˈsʲert͡sə: 18.5
ˈfeɡato - ˈpʲet͡ɕɪnʲ: 21.363
ˈbe.re - pʲitʲ: 20.0
manˈdʒa.re - jesʲtʲ: 30.0
ˈmɔrdere - ɐtˈkusɨvətʲ: 21.562
spuˈtare - plʲɪˈvatʲ: 22.692
vomiˈtare - blʲɪˈvatʲ: 23.928
sofˈfjare - dutʲ: 29.545
respiˈrare - dɨˈʂatʲ: 22.857
ˈri.de.re - smʲɪˈjat͡sːə: 17.307
veˈde.re - ˈvʲidʲɪtʲ: 14.09
saˈpeː.re - znatʲ: 24.5
oˈdo.re - ˈzapəx: 22.5
paˈu.ra - strax: 21.0
dorˈmire - spatʲ: 28.636
ˈvi.ve.re - ʐɨtʲ: 27.222
moˈrire - ʊmʲɪˈratʲ: 17.5
utˈt͡ʃi.de.re - ʊbʲɪˈvatʲ: 20.0
lɔt.ˈta.re - ˈdrat͡sːə: 20.0
katˈtʃare - ɐˈxotʲɪt͡sə: 18.928
kolˈpire - ʊdɐˈrʲætʲ: 21.153
taʎˈʎare - ˈrʲezətʲ: 27.916
ˈfɛndere - rəɕːɪˈplʲætʲ: 23.0
puɲɲaˈlare - zɐˈkalɨvətʲ: 16.666
skaˈvare - kɐˈpatʲ: 15.833
nwoˈtare - ˈplavətʲ: 22.307
kammiˈnare - xɐˈdʲitʲ: 23.214
veˈnire - prʲɪxɐˈdʲitʲ: 19.642
buˈd͡ʒi.a - loʂ: 30.0
seˈdere - sʲɪˈdʲetʲ: 13.181
dʒiˈrare - vrɐˈɕːat͡sːə: 16.153
kaˈdere - ˈpadətʲ: 11.818
ˈda.re - dɐˈvatʲ: 11.666
teˈne.re - dʲɪrˈʐatʲ: 19.166
strofiˈnare - tʲɪˈrʲetʲ: 24.666
aʃʃuˈɡare - vɨtʲɪˈratʲ: 20.0
t̪iˈrare - tʲɪˈnutʲ: 19.09
ˈspindʒere - tɐlˈkatʲ: 21.071
leˈɡare - ˈsvʲazɨvətʲ: 20.0
kuˈtʃire - ʂɨtʲ: 27.222
konˈtare - ɕːɪˈtatʲ: 19.583
ˈdi.re - ɡəvɐˈrʲitʲ: 20.0
kanˈtaːre - pʲetʲ: 27.0
d͡ʒoˈkä.re - ɪˈɡratʲ: 21.818
ɡalledˈdʒare - ˈplavətʲ: 24.687
fluˈire - tʲet͡ɕ: 33.888
dʒeˈlare - zəmʲɪrˈzatʲ: 19.285
ˈso.le - ˈsont͡sə: 11.666
ˈlu.na - lʊˈna: 2.5
ˈstel.la - zvʲɪzˈda: 16.666
ˈpjɔddʒa - doʂtʲ: 24.5
ˈfju.me - rʲɪˈka: 20.0
ˈlaɡo - ˈozʲɪrə: 25.0
ˈmaːre - ˈmorʲe: 6.25
ˈsale - solʲ: 15.0
ˈpjɛtra - ˈkamʲɪnʲ: 22.727
ˈsab.bja - pʲɪˈsok: 29.09
ˈpol.ve.re - pɨlʲ: 24.5
ˈtɛr.ra - zʲɪˈmlʲa: 17.0
ˈnu.vo.la - ˈobləkə: 22.5
ˈnebbja - tʊˈman: 20.909
ˈt͡ʃɛ.lo - ˈnʲebə: 20.625
ˈvɛn.to - ˈvʲetʲɪr: 16.0
ˈne.ve - sʲnʲek: 20.625
ˈɡjat.t͡ʃo - lʲɵt: 28.333
ˈfwɔko - ɐˈɡonʲ: 20.555
ˈstrada - dɐˈroɡə: 15.416
monˈtaɲɲa - ɡɐˈra: 23.75
ˈros.so - ˈkrasnɨj: 16.25
ˈver.de - zʲɪˈlʲɵnɨj: 20.416
ˈdʒal.lo - ˈʐoltɨj: 18.636
ˈbjaŋko - ˈbʲelɨj: 21.818
ˈne.ro - ˈt͡ɕɵrnɨj: 19.5
ˈnɔtːe - not͡ɕ: 13.571
ˈd͡ʒorno - ˈsutkʲɪ: 17.0
ˈan.no - ɡot: 26.428
ˈkaldo - ˈtʲɵplɨj: 19.545
ˈfreddo - xɐˈlodnɨj: 16.785
ˈpjɛno - ˈpolnɨj: 17.727
ˈnwɔ.vo - ˈnovɨj: 13.5
ˈvɛk.kjo - ˈstarɨj: 22.083
ˈbwɔː.no - xɐˈroʂɨj: 23.75
kaˈtːiːvo - plɐˈxoj: 20.833
ˈspɔrko - ˈɡrʲaznɨj: 21.153
dritto - prʲɪˈmoj: 16.25
roˈtondo - ˈkruɡlɨj: 22.142
affiˈlato - ˈostrɨj: 23.214
ˈliʃʃo - ˈɡlatkʲɪj: 20.0
baɲˈɲato - ˈmokrɨj: 20.384
ˈsekko - sʊˈxoj: 14.0
korˈrɛtto - ˈpravʲɪlʲnɨj: 22.352
viˈtʃino - ˈblʲiskʲɪj: 22.692
lonˈtano - dɐˈlʲɵkʲɪj: 25.0
a - vɛ: 20.0
ˈin - vɛ: 25.0
kon - s: 37.5
e - i: 5.0
se - ˈjes⁽ʲ⁾lʲɪ: 30.0
perˈke - pətɐˈmu‿ʂtə: 19.642
ˈno.me - ˈimʲə: 14.285
