ʃɛn - tɨ: 21.0
tʃvɛn - mɨ: 24.166
ʃɛn - tɨ: 21.0
ɑkʰ - zʲdʲesʲ: 37.5
ɪkʰ - tam: 30.0
rɑ - ʂto: 21.0
rɔdɪs - kɐɡˈda: 21.0
rɔɡɔr - kak: 26.875
ɑr - nʲɪ: 31.25
qʼvɛlɑ - vʲesʲ: 28.75
bɛvri - ˈmnoɡə: 19.0
tsɔtʼɑ - nʲɪˈmnoɡʲɪj: 32.083
sxvɑ - drʊˈɡoj: 26.5
ɛrtʰi - ɐˈdʲin: 19.375
ˈsɑmi - trʲi: 17.857
ɔtʰxi - t͡ɕɪˈtɨrʲe: 23.5
xutʰi - pʲætʲ: 25.714
ɡrdzɛli - ˈdlʲinːɨj: 21.25
vrtsɛli - ʂɨˈrokʲɪj: 24.23
skʰɛlɪ - ˈtolstɨj: 20.0
mdzimɛ - tʲɪˈʐolɨj: 25.416
pʼɑtʼɑrɑ - ˈmalʲɪnʲkʲɪj: 28.214
mɔkʼlɛ - kɐˈrotkʲɪj: 27.307
vitsʼrɔ - ˈuskʲɪj: 26.0
tʰxɛli - ˈtonkʲɪj: 23.181
kʰɑli - ˈʐɛnʲɕːɪnə: 30.0
kʼɑtsi - t͡ɕɪlɐˈvʲek: 29.545
ɑdɑmɪɑnurɪ - t͡ɕɪlɐˈvʲet͡ɕɪskʲɪj: 23.181
bɑvʃvi - rʲɪˈbʲɵnək: 22.692
tsɔli - ʐɨˈna: 20.0
kʰmɑri - muʂ: 26.875
dɛdɑ - matʲ: 17.857
mɑmɑ - ɐˈtʲet͡s: 23.75
tsxɔvɛli - ʐɨˈvotnəjə: 18.437
tʰɛvzi - ˈrɨbə: 20.0
pʰrinvɛli - ˈptʲit͡sə: 23.076
dzɑɣli - sɐˈbakə: 19.545
ɡvɛli - zmʲɪˈja: 17.5
tʃʼɪɑ - t͡ɕerfʲ: 25.714
xɛ - ˈdʲerʲɪvə: 37.5
tʼqʼɛ - lʲes: 39.166
dʒɔxi - ˈpalkə: 20.555
χɪlɪ - plot: 23.75
tʰɛsli - ˈsʲemʲə: 21.111
pʰɔtʰɔlɪ - lʲist: 37.0
pʰɛsvi - ˈkorʲɪnʲ: 21.0
kʰɛrkʰɪ - kɐˈra: 15.0
qʼvɑvili - t͡svʲɪˈtok: 25.0
bɑlɑxi - trɐˈva: 19.545
tʰɔkʼɪ - vʲɪˈrʲɵfkə: 27.272
kʼɑnɪ - ˈkoʐə: 15.625
xɔrtsi - ˈmʲasə: 18.888
sisxli - krofʲ: 27.5
dzvɑli - kosʲtʲ: 30.555
tsχɪmɪ - ʐɨr: 25.0
kʼvɛrtsxi - (j)ɪjˈt͡so: 22.083
rkʰɑ - rok: 23.333
kʼudi - xvost: 24.444
tʰmɑ - ˈvoləsɨ: 33.888
tʰɑvi - ɡəlɐˈva: 21.5
tʰvɑli - ɡlas: 25.0
tsxviri - nos: 25.555
pʼiri - rot: 30.0
kʼbili - zup: 35.0
ɛnɑ - (j)ɪˈzɨk: 22.5
pʰrtʃxili - ˈnoɡətʲ: 28.75
pʰɛxi - nɐˈɡa: 17.5
pʰɛxi - nɐˈɡa: 17.5
muxli - kɐˈlʲenə: 22.272
χɛlɪ - rʊˈka: 27.5
pʰrtʰɑ - krɨˈlo: 24.444
mutsɛli - ʐɨˈvot: 24.545
kʼisɛri - ˈʂɛjə: 22.0
zurɡi - spʲɪˈna: 21.0
dzudzu - ɡrutʲ: 21.875
ɡuli - ˈsʲert͡sə: 22.777
ɣvidzli - ˈpʲet͡ɕɪnʲ: 25.454
smɑ - pʲitʲ: 28.333
tsʼɔvɑ - sɐˈsatʲ: 17.222
ubɛrɑvs - dutʲ: 31.0
χɛdvɑ - ˈvʲidʲɪtʲ: 22.5
smɛnɑ - ˈslɨʂətʲ: 20.454
tsɔdnɑ - znatʲ: 21.666
pʰikʰri - ˈdumətʲ: 24.5
suni - ˈzapəx: 18.333
zɑri - strax: 17.777
dzili - spatʲ: 30.625
sitsɔtsxlɛ - ʐɨtʲ: 30.0
kʼvlɑ - ʊbʲɪˈvatʲ: 33.5
brdzɔlɑ - ˈdrat͡sːə: 18.181
nɑdɪrɔbɑ - ɐˈxotʲɪt͡sə: 19.333
buzi - ˈmuxə: 8.75
svlɑ - xɐˈdʲitʲ: 27.777
sitsruɛ - loʂ: 30.0
dʒdɔmɑ - sʲɪˈdʲetʲ: 26.5
dɡɔmɑ - stɐˈjætʲ: 18.636
rɛtsxvɑ - mɨtʲ: 25.0
kʼɛrvɑ - ʂɨtʲ: 31.25
tʰkʰmɑ - ɡəvɐˈrʲitʲ: 31.363
tʰɑmɑʃi - ɪˈɡratʲ: 26.818
dinɛbɑ - tʲet͡ɕ: 28.888
mzɛ - ˈsont͡sə: 18.75
mtʰvɑrɛ - lʊˈna: 25.5
vɑrskʼvlɑvi - zvʲɪzˈda: 27.5
tsʼqʼɑli - vɐˈda: 27.222
tsʼvimɑ - doʂtʲ: 31.666
mdinɑrɛ - rʲɪˈka: 24.09
tʼbɑ - ˈozʲɪrə: 33.75
zɣvɑ - ˈmorʲe: 17.5
mɑrili - solʲ: 26.666
kʰvɑ - ˈkamʲɪnʲ: 26.875
kʰviʃɑ - pʲɪˈsok: 20.0
mtʼvɛri - pɨlʲ: 32.222
mitsʼɑ - zʲɪˈmlʲa: 27.222
ɣrubɛli - ˈobləkə: 21.923
nisli - tʊˈman: 23.5
tsɑ - ˈnʲebə: 29.166
kʰɑri - ˈvʲetʲɪr: 26.111
tʰɔvli - sʲnʲek: 31.111
qʼinuli - lʲɵt: 37.222
bɔli - dɨm: 23.571
tsɛtsxli - ɐˈɡonʲ: 25.5
nɑtsɑrɪ - ˈpʲepʲɪl: 25.454
ɡzɑ - dɐˈroɡə: 26.111
mtʰɑ - ɡɐˈra: 22.857
tsʼitʰɛli - ˈkrasnɨj: 23.846
mtsʼvɑnɛ - zʲɪˈlʲɵnɨj: 26.153
qʼvitʰɛli - ˈʐoltɨj: 26.923
tʰɛtʰri - ˈbʲelɨj: 23.5
ʃɑvi - ˈt͡ɕɵrnɨj: 19.5
ɣɑmɛ - not͡ɕ: 27.857
dɣɛ - ˈsutkʲɪ: 24.375
tsʼɛli - ɡot: 33.571
tʰbili - ˈtʲɵplɨj: 19.09
tsɪvɪ - xɐˈlodnɨj: 27.5
sɑvsɛ - ˈpolnɨj: 21.363
ɑχɑlɪ - ˈnovɨj: 24.0
dzvɛli - ˈstarɨj: 16.363
kʼɑrɡi - xɐˈroʂɨj: 16.666
tsudi - plɐˈxoj: 26.0
bindzuri - ˈɡrʲaznɨj: 18.214
mɑxvili - ˈostrɨj: 21.153
svɛli - ˈmokrɨj: 21.363
stsʼɔri - ˈpravʲɪlʲnɨj: 28.928
ɑχlɔ - ˈblʲiskʲɪj: 31.363
ʃɔrɛuli - dɐˈlʲɵkʲɪj: 24.285
upʰlɛbɑ - ˈpravə: 17.727
mɑrtsxɛnɑ - ˈlʲevɨj: 25.0
dɑ - i: 33.333
tʰu - ˈjes⁽ʲ⁾lʲɪ: 37.142
sɑxɛli - ˈimʲə: 27.222
