ɛrtʰi - okaʈi: 19.444
ˈsɑmi - muːɖu: 19.375
ɔtʰxi - n̪aːl̪uɡu: 30.5
xutʰi - aid̪u: 18.125
bɑvʃvi - paːpa: 18.0
tʰɛvzi - t͡ʃeːpa: 18.888
pʰrinvɛli - pakʂi: 24.23
dzɑɣli - kukːa: 23.888
ɡvɛli - paːmu: 19.444
xɛ - t͡ʃeʈːu: 25.833
χɪlɪ - paɳɖu: 27.222
pʰɔtʰɔlɪ - aːku: 32.222
pʰɛsvi - ʋeːru: 17.777
qʼvɑvili - puʋːu: 26.363
bɑlɑxi - ɡaɖːi: 19.5
kʼɑnɪ - tʃarmamu: 24.545
tsχɪmɪ - koʋːu: 16.666
kʼvɛrtsxi - ɡuɖːu: 25.454
tʰɑvi - tala: 15.0
tʰvɑli - kan̪ːu: 18.888
pʼiri - noːru: 15.625
kʼbili - pan̪ːu: 21.666
pʰrtʃxili - ɡoːru: 25.454
pʰɛxi - kaːlu: 18.125
pʰrtʰɑ - rekːa: 20.625
mutsɛli - poʈːa: 21.0
dzudzu - t͡ʃan̪ːu: 13.125
buzi - iːɡa: 20.714
mdinɑrɛ - n̪ad̪i: 21.363
tʼbɑ - sarasːu: 29.444
nɑtsɑrɪ - buːɖida: 18.333
ɣɑmɛ - raːtri: 15.0
dɣɛ - roːdʒu: 22.857
ɑχɑlɪ - kotːa: 26.111
kʼɑrɡi - maɲt͡ʃi: 16.5
tsudi - t͡ʃeɖːa: 11.25
