on - jon: 9.0
tot - toj: 11.666
kto - xto: 3.333
ʂto - ʂto: 0.0
nʲɪ - nʲe: 5.0
drʊˈɡoj - ˈjinʂɨ: 24.545
dva - dva: 0.0
t͡ɕɪˈtɨrʲe - t͡ʂaˈtɨrɨ: 8.75
ˈdlʲinːɨj - ˈdou̯ɣʲi: 18.636
ʂɨˈrokʲɪj - ʂɨˈrokʲi: 5.0
ˈtolstɨj - ˈtou̯stɨ: 10.0
tʲɪˈʐolɨj - ˈt͡sʲaʂkʲi: 22.083
ˈmalʲɪnʲkʲɪj - maˈlʲenʲkʲi: 5.666
kɐˈrotkʲɪj - kaˈrotkʲi: 5.0
ˈuskʲɪj - ˈvuskʲi: 11.5
ˈtonkʲɪj - ˈtonkʲi: 5.909
ˈʐɛnʲɕːɪnə - ʐanˈt͡ʂɨna: 7.5
t͡ɕɪlɐˈvʲek - t͡ʂaɫaˈvʲek: 7.142
ʐɨˈna - ˈʐonka: 7.777
muʂ - muʂ: 0.0
ɐˈtʲet͡s - ˈbat͡sʲka: 21.111
ˈrɨbə - ˈrɨba: 2.5
voʂ - voʂ: 0.0
zmʲɪˈja - zʲmʲaˈja: 5.0
ˈdʲerʲɪvə - ˈdreva: 10.454
lʲes - lʲes: 0.0
ˈsʲemʲə - naˈsʲenʲːe: 13.5
lʲist - lʲist: 0.0
ˈkorʲɪnʲ - ˈkoranʲ: 5.0
kɐˈra - kaˈra: 1.25
vʲɪˈrʲɵfkə - vʲaˈrou̯ka: 10.0
ˈkoʐə - ˈskura: 11.111
ˈmʲasə - ˈmʲasa: 2.5
kosʲtʲ - kosʲt͡sʲ: 1.25
(j)ɪjˈt͡so - ˈjajka: 10.5
xvost - xvost: 0.0
ˈvoləsɨ - ˈvoɫas: 8.181
ɡəlɐˈva - ɣaɫaˈva: 5.0
ˈuxə - ˈvuxa: 10.0
ɡlas - ˈvoka: 25.0
rot - rot: 0.0
(j)ɪˈzɨk - jaˈzɨk: 4.0
ˈnoɡətʲ - paˈznoɣat͡sʲ: 15.769
nɐˈɡa - naˈɣa: 3.75
nɐˈɡa - naˈɣa: 3.75
kɐˈlʲenə - kaˈlʲena: 2.5
krɨˈlo - krɨˈɫo: 1.0
spʲɪˈna - ˈsʲpʲina: 3.0
ˈsʲert͡sə - ˈsert͡sa: 3.0
ˈpʲet͡ɕɪnʲ - ˈpʲet͡ʂanʲ: 8.0
ɐtˈkusɨvətʲ - kuˈsat͡sʲ: 17.5
sɐˈsatʲ - smaktat͡sʲ: 11.25
ˈvʲidʲɪtʲ - ˈbat͡ʂɨt͡sʲ: 14.5
znatʲ - ˈvʲedat͡sʲ: 11.666
ˈzapəx - pax: 16.25
ɐˈxotʲɪt͡sə - palʲaˈvat͡sʲ: 24.642
t͡sɐˈrapətʲ - ˈdrapat͡sʲ: 8.846
dʲɪrˈʐatʲ - trɨˈmat͡sʲ: 15.416
tʲɪˈnutʲ - t͡sʲaˈɣat͡sʲ: 14.5
ʂɨtʲ - ʂɨt͡sʲ: 1.666
ɡəvɐˈrʲitʲ - ɣavaˈrɨt͡sʲ: 5.357
ˈsont͡sə - ˈsont͡sa: 2.0
zvʲɪzˈda - ˈzorka: 12.272
vɐˈda - vaˈda: 1.25
doʂtʲ - doʂt͡ʂ: 5.0
rʲɪˈka - raˈka: 6.25
ˈozʲɪrə - ˈvozʲera: 8.181
pʲɪˈsok - pʲaˈsok: 4.0
pɨlʲ - pɨɫ: 3.333
zʲɪˈmlʲa - zʲaˈmlʲa: 4.0
ˈobləkə - ˈxmara: 21.363
ˈnʲebə - ˈnʲeba: 2.5
sʲnʲek - sʲnʲex: 2.5
lʲɵt - lʲot: 0.833
dɨm - dɨm: 0.0
ɐˈɡonʲ - aˈɣonʲ: 3.75
ˈpʲepʲɪl - ˈpopʲeɫ: 6.0
ɡɐˈrʲetʲ - ɣaˈret͡sʲ: 5.0
ˈkrasnɨj - t͡ʂɨˈrvonɨ: 18.214
zʲɪˈlʲɵnɨj - zʲaˈlʲonɨ: 6.923
ˈʐoltɨj - ˈʐou̯tɨ: 11.818
ˈbʲelɨj - ˈbʲeɫɨ: 6.111
ˈt͡ɕɵrnɨj - ˈt͡ʂornɨ: 8.181
not͡ɕ - not͡ʂ: 6.666
ɡot - ɣot: 3.333
ˈtʲɵplɨj - ˈt͡sʲopɫɨ: 6.363
xɐˈlodnɨj - xaˈɫodnɨ: 4.333
ˈpolnɨj - ˈpou̯nɨ: 11.818
ˈstarɨj - staˈrɨ: 4.09
xɐˈroʂɨj - ˈdobrɨ: 21.666
plɐˈxoj - ˈdrenːɨ: 20.0
ɡnʲɪˈloj - ɣnʲiˈɫɨ: 10.909
ˈɡrʲaznɨj - ˈbrudnɨ: 10.769
prʲɪˈmoj - praˈmɨ: 10.909
ˈkruɡlɨj - ˈkruɣɫɨ: 5.769
ˈostrɨj - ˈvostrɨ: 7.916
tʊˈpoj - tuˈpɨ: 10.0
ˈɡlatkʲɪj - ˈɣɫatkʲi: 7.307
ˈmokrɨj - ˈmokrɨ: 4.09
sʊˈxoj - suˈxʲi: 11.666
ˈpravʲɪlʲnɨj - praˈvʲilʲnɨ: 3.823
ˈblʲiskʲɪj - ˈblʲiskʲi: 5.0
dɐˈlʲɵkʲɪj - daˈlʲokʲi: 6.153
ˈpravə - ˈprava: 2.0
i - i: 0.0
ˈimʲə - jiˈmʲa: 9.285
